M1.1 测试陀罗尼
梵文：oṃ maṇi padme hūṃ
音译：嗡 玛 尼 贝 美 吽

M1.2 另一个陀罗尼
梵文：tadyathā oṃ gate gate pāragate pārasaṃgate bodhi svāhā
音译：达迪亚他 嗡 嘎喋 嘎喋 巴拉嘎喋 巴拉桑嘎喋 菩提 梭哈

